// Jest Snapshot v1, https://goo.gl/fbAQLP

exports[`Render should render component 1`] = `<div />`;

exports[`Render should render links 1`] = `
<div>
  <NavLink
    activeClassName="active"
    ariaCurrent="true"
    exact={true}
    key="0-/"
    to="/"
  >
    Home
  </NavLink>
  <NavLink
    activeClassName="active"
    ariaCurrent="true"
    exact={true}
    key="1-/bikes"
    to="/bikes"
  >
    Bikes
  </NavLink>
  <div
    key="0-Log out"
    onClick={[MockFunction]}
  >
    Log out
  </div>
</div>
`;
